=========================================
   referee 0.1.0: tests/test-suite.log
=========================================

# TOTAL: 1
# PASS:  0
# SKIP:  0
# XFAIL: 0
# FAIL:  1
# XPASS: 0
# ERROR: 0

.. contents:: :depth: 2

FAIL: test_referee_core
=======================

Running suite(s): RefereeCore
0%: Checks: 2, Failures: 2, Errors: 0
test_referee_core.cc:15:F:core:test_create_and_get_object_roundtrip:0: open failed
test_referee_core.cc:47:F:core:test_edges_from_and_to:0: open failed
FAIL test_referee_core (exit status: 1)

